// Jest Snapshot v1, https://goo.gl/fbAQLP

exports[`/about renders 1`] = `
<DocumentFragment>
  <a
    class="Box_screenReaderOnlyStyle__1isqo402"
    href="#content"
  >
    Skip to content
  </a>
  <div
    class="Layout_bandStickyStyle__1965ugi1 sprinkles_backgroundImage_ripNotComingSoon__8lcvdk3a sprinkles_minHeight_16_default__8lcvdkbe sprinkles_width_full_default__8lcvdkpb"
  />
  <div
    class="Layout_pageCanvasStyle__1965ugi0 sprinkles_backgroundColor_default_default__8lcvdk4b sprinkles_display_flex_default__8lcvdk5w sprinkles_flexDirection_column_default__8lcvdk6b"
  >
    <header
      class="Layout_headerLayoutStyle__1965ugi2 sprinkles_paddingLeft_gutter_default__8lcvdkhw sprinkles_paddingRight_gutter_default__8lcvdkjt sprinkles_paddingTop_24_default__8lcvdkk8 sprinkles_paddingTop_32_desktop__8lcvdkkd sprinkles_paddingBottom_24_default__8lcvdkfq sprinkles_paddingBottom_32_desktop__8lcvdkfv sprinkles_display_flex_default__8lcvdk5w sprinkles_rowGap_24_default__8lcvdkl2 sprinkles_alignItems_center__8lcvdk1m sprinkles_boxShadow_borderBottom_default__8lcvdk4z sprinkles_backgroundColor_default_default__8lcvdk4b"
    >
      <div
        class="sprinkles_display_flex_default__8lcvdk5w sprinkles_flexDirection_column_default__8lcvdk6b sprinkles_alignItems_inherit__8lcvdk1n sprinkles_justifyItems_inherit__8lcvdk1l"
      >
        <h1
          class="sprinkles_whiteSpace_nowrap__8lcvdk1e sprinkles_fontWeight_normal__8lcvdk1u sprinkles_fontSize_logo__8lcvdk2s"
        >
          <a
            class="sprinkles_color_default__8lcvdkm sprinkles_textDecoration_none__8lcvdk38"
            href="/"
          >
            Frank's Movie Log
          </a>
        </h1>
        <p
          class="Mast_taglineStyle__1tgpev20 sprinkles_color_muted__8lcvdkn sprinkles_fontStyle_italic__8lcvdk1j sprinkles_lineHeight_16__8lcvdk2y sprinkles_width_full_default__8lcvdkpb sprinkles_fontSize_small__8lcvdk27"
        >
          My life at the movies.
        </p>
      </div>
      <form
        accept-charset="UTF-8"
        action="https://www.google.com/search"
        class="Mast_orderStyle__1tgpev22 sprinkles_boxShadow_borderAll_default__8lcvdk52 sprinkles_borderRadius_4__8lcvdk1 sprinkles_overflow_hidden__8lcvdk1f sprinkles_width_full_default__8lcvdkpb sprinkles_width_unset_desktop__8lcvdkoy sprinkles_maxWidth_prose_default__8lcvdkan"
        method="get"
        role="search"
      >
        <label
          class="sprinkles_display_flex_default__8lcvdk5w sprinkles_overflow_hidden__8lcvdk1f"
          for="search"
        >
          <div
            class="ScreenReaderOnly_srOnlyCss__rm0eez0"
          >
            Search
          </div>
          <input
            class="SiteSearchForm_searchInputStyle__i7f1b0 sprinkles_paddingLeft_16_default__8lcvdkge sprinkles_paddingRight_16_default__8lcvdkib sprinkles_paddingTop_8_default__8lcvdkk2 sprinkles_paddingBottom_8_default__8lcvdkfk sprinkles_backgroundColor_subtle_default__8lcvdk4h sprinkles_color_default__8lcvdkm sprinkles_fontSize_normal__8lcvdk28 sprinkles_fontWeight_light__8lcvdk1t sprinkles_lineHeight_24__8lcvdk2z sprinkles_flexGrow_1__8lcvdk1h"
            id="search"
            name="q"
            placeholder="Search..."
            type="text"
          />
          <input
            name="q"
            type="hidden"
            value="site:www.franksmovielog.com"
          />
          <button
            aria-label="Search"
            class="SiteSearchForm_submitButtonStyle__i7f1b1 sprinkles_backgroundColor_subtle_default__8lcvdk4h"
            type="submit"
            value="Search"
          >
            <svg
              class="SiteSearchForm_iconStyle__i7f1b2 SvgIcon_iconStyle__agywp20"
              height="1em"
              viewBox="0 0 16 16"
              width="1em"
              xmlns="http://www.w3.org/2000/svg"
            >
              <path
                d="M10.442 10.442a1 1 0 011.415 0l3.85 3.85a1 1 0 01-1.414 1.415l-3.85-3.85a1 1 0 010-1.415z"
                fill-rule="evenodd"
              />
              <path
                d="M6.5 12a5.5 5.5 0 100-11 5.5 5.5 0 000 11zM13 6.5a6.5 6.5 0 11-13 0 6.5 6.5 0 0113 0z"
                fill-rule="evenodd"
              />
            </svg>
          </button>
        </label>
      </form>
      <nav
        class="sprinkles_color_accent__8lcvdkl"
      >
        <ul
          class="sprinkles_padding_0__8lcvdkt sprinkles_display_flex_default__8lcvdk5w sprinkles_flexWrap_wrap__8lcvdk1i sprinkles_justifyContent_center_default__8lcvdk8n sprinkles_rowGap_8_default__8lcvdkkw sprinkles_columnGap_16_default__8lcvdk5b sprinkles_columnGap_24_tablet__8lcvdk5f"
        >
          <li
            class="sprinkles_display_block_default__8lcvdk5q sprinkles_letterSpacing_0.5__8lcvdk37 sprinkles_whiteSpace_nowrap__8lcvdk1e"
          >
            <a
              class="sprinkles_color_inherit__8lcvdkr sprinkles_textDecoration_none__8lcvdk38"
              href="/"
            >
              Home
            </a>
          </li>
          <li
            class="sprinkles_display_block_default__8lcvdk5q sprinkles_letterSpacing_0.5__8lcvdk37 sprinkles_whiteSpace_nowrap__8lcvdk1e"
          >
            <a
              class="sprinkles_color_inherit__8lcvdkr sprinkles_textDecoration_none__8lcvdk38"
              href="/about/"
            >
              About
            </a>
          </li>
          <li
            class="sprinkles_display_block_default__8lcvdk5q sprinkles_letterSpacing_0.5__8lcvdk37 sprinkles_whiteSpace_nowrap__8lcvdk1e"
          >
            <a
              class="sprinkles_color_inherit__8lcvdkr sprinkles_textDecoration_none__8lcvdk38"
              href="/how-i-grade/"
            >
              How I Grade
            </a>
          </li>
          <li
            class="sprinkles_display_block_default__8lcvdk5q sprinkles_letterSpacing_0.5__8lcvdk37 sprinkles_whiteSpace_nowrap__8lcvdk1e"
          >
            <a
              class="sprinkles_color_inherit__8lcvdkr sprinkles_textDecoration_none__8lcvdk38"
              href="/reviews/"
            >
              Reviews
            </a>
          </li>
          <li
            class="sprinkles_display_block_default__8lcvdk5q sprinkles_letterSpacing_0.5__8lcvdk37 sprinkles_whiteSpace_nowrap__8lcvdk1e"
          >
            <a
              class="sprinkles_color_inherit__8lcvdkr sprinkles_textDecoration_none__8lcvdk38"
              href="/stats/"
            >
              Stats
            </a>
          </li>
          <li
            class="sprinkles_display_block_default__8lcvdk5q sprinkles_letterSpacing_0.5__8lcvdk37 sprinkles_whiteSpace_nowrap__8lcvdk1e"
          >
            <a
              class="sprinkles_color_inherit__8lcvdkr sprinkles_textDecoration_none__8lcvdk38"
              href="/watchlist/"
            >
              Watchlist
            </a>
          </li>
        </ul>
      </nav>
    </header>
    <div
      class="sprinkles_flexGrow_1__8lcvdk1h"
    >
      <main>
        <article
          class="sprinkles_display_flex_default__8lcvdk5w sprinkles_flexDirection_column_default__8lcvdk6b sprinkles_alignItems_center__8lcvdk1m"
        >
          <h1
            class="sprinkles_paddingLeft_gutter_default__8lcvdkhw sprinkles_paddingRight_gutter_default__8lcvdkjt sprinkles_paddingTop_24_default__8lcvdkk8 sprinkles_paddingTop_32_desktop__8lcvdkkd sprinkles_paddingBottom_24_default__8lcvdkfq sprinkles_paddingBottom_32_desktop__8lcvdkfv sprinkles_fontSize_pageTitle__8lcvdk2u sprinkles_textAlign_center__8lcvdk3g"
          >
            About the Movie Log
          </h1>
          <div
            class="gatsby-image-wrapper gatsby-image-wrapper-constrained"
            data-gatsby-image-wrapper=""
            style="position: relative; overflow: hidden; display: inline-block; vertical-align: top;"
          >
            <div
              style="max-width: 1000px; display: block;"
            >
              <img
                alt=""
                aria-hidden="true"
                role="presentation"
                src="data:image/svg+xml;charset=utf-8,%3Csvg height='563' width='1000' xmlns='http://www.w3.org/2000/svg' version='1.1'%3E%3C/svg%3E"
                style="max-width: 100%; display: block; position: static;"
              />
            </div>
            <img
              alt=""
              aria-hidden="true"
              data-placeholder-image=""
              decoding="async"
              src="data:image/svg+xml,%3csvg%20xmlns='http://www.w3.org/2000/svg'%20width='1000'%20height='563'%20viewBox='0%200%201000%20563'%20preserveAspectRatio='none'%3e%3cpath%20d='M0%2039v39h19c4-1%205-1%207%202l2%203c-1%200%208%208%2012%209l4%202%202-2%207-5c3-1%205-3%206-5%202-4%205-7%205-6l2-1c2-2%203-8%202-18l2-9%202-6h2l2-1c0-3%209-7%2013-6h19l9-6c5-4%2012-9%2013-8l1-1%202-1%203-1v-2l1-2%201-2%201-2c1-3%200-10-2-8l-1-1-68-1H0v39M237%202l1%201%201%201%202%204%202%204%201%204a169%20169%200%20017%2014l3%206%203%205%201%201v6l1%205v10l1%2018%201%2017a1190%201190%200%20001%2035c-3%202%201%204%207%203%205%200%206%200%205%202v1l1-1h2l1%202%202%201h3l-2%201c-1%201-1%201%201%201l4%202%203%202%201%201c0%202%201%202%202%202%201-1%201-1%201%201v5c2-1%206%203%206%206%200%202%200%202%201%201%202-2%204-1%204%201-1%201%200%201%201%201%202%200%202%200%201%201v1l5%201h3c0-2%200-2%202-1l2%203c0%202%202%203%204%201%201-1%201-1%200%200v2l1-1h1l1-1v-1l1%201%202%201h4c1%200%202%200%201%201l-1%201h6l2%201c2%200%202%200%201-1v-1h2l1-1%201%201%201%202h8l2%201%201%201%202%201h1l1%201v1c1%200%202-1%201-2h1c1%200%202%201%201%202h3l3%201%203-1h1l1-1c-1-1%201-1%204-1l2-2c0-2%200-2%201-1h3l2-1%204-2c2-2%204-2%205-2l2-1%201-2c1-1%202-2%203-1l14-1h13l2-1h1c0%202%202%202%203%201h2l2%201h9l2%201h6l4%201%201%201%201%201h3l5%201%202%201%201%201%2021%201h4l1%201v-1l1-1h7l1%201h1l3%201h2c0%202%202%201%203-1h4l1%201%203%201h6l1-2c1%205%202%206%203%204h4l-1%201c-1%201-1%201%202%201h4l-2%201%201%201h3l1%201%203%202%202%203%202%202%201%201%201%201%202%201%203%201c3%201%205%202%203%202v1c1%201%202%202%203%201l1%201%201%201h2l6%205c2%200%203%203%203%205l1%201v2l1%201%203%203%202%203%201%201v3c4%205%205%206%204%207l2%201%203%201c0%201%201%202%203%202l3%203%202%201%201%201%201%201h1c0%201%204%202%209%202l2%201h8l2%201%2012%201%204%202%204%202h2l-2%201v1h5l4%202%205%202%205%201h3l3%201c1%201%202%202%203%201h1l2%201c1-1%201-1%200%200v1h3l4%201%202%202c0%202%2020%202%2021%200h2l5%201h26l9-1a572%20572%200%200195%203c4%200%209-3%209-6a665%20665%200%200012-70%20574%20574%200%200010-64%20205%20205%200%20012-13%20197%20197%200%20012-20%201664%201664%200%200112-74l1-10c2-11%203-10-12-10l-14%201a200%20200%200%2001-7%2043l-1%204-1%202-1%202-2%201c-2%200-2-1-2-4%200-4-1-6-4-6l-6-2c-2-2-5-3-8-3a296%20296%200%2001-64-8l-15-1a94%2094%200%2001-40-7h-3l-2-1-4-1-1-1h-3l-4-1-2-1c1-1%201-1-1-1h-4l-4-2-4-1-7-1-7-2c-3%201-7-3-7-6h-1l-1-1-1-1c-1%201-3%200-4-1l-26-1h-23v2l1%206c0%203%200%203%201%201%201-1%201-1%201%201l1%202c1-1%201%200%201%201l3%206c3%201%204%203%203%204l1%201%202%201s0%202%202%203c2%204%202%2014%200%2025v6a288%20288%200%20012%208l1%208%201%2015c-1%204-4%2010-7%2010l-2-1-1-1h-5l-1-1-2-1h-1l-1-1h-2c-3%202-11-1-11-4l-2-4-2-23-1-5-1-8-1-4V36l1-7%201-4c0-5%200-6%202-8v-2l1-5V9l1-1%201-3c4-4%202-5-24-5h-23l1%204%202%206%201%203%201%208c2%207%202%2010%201%2030l-2%2013-2%208-2%203v2l-1%202c-1%200-5%2010-5%2014l-3%206-1%205-1%2010-1%201%201%201%201%202-1%203-1%204c0%207-1%209-2%208l-2%202-1%202-1%202-2%202-2%201h-3c-1%200-2-1-2-3s1-3%202-3l1-2v-2l1-7-1-5%201-5%201-1-1-1c-1%201-3-10-4-19a452%20452%200%20012-74l-1-2-8-2-12-2-9-3-5-1h-3l-4-1-7-1c-4%200-10-3-13-5l-3-3H347c-98%200-111%200-110%202m683-1l-2%2010a2181%202181%200%2001-16%20105%20704%20704%200%2001-6%2042%20261%20261%200%2001-5%2041%20395%20395%200%2001-2%2014%20964%20964%200%2001-7%2059v12l8%204%2018%208%206%202%207%203%201%201%202%201%206%202%204%201%201%201%208%203%2010%204%205%202%203%201%204%203%207%202%2010%204a152%20152%200%200113%205h3c1%200%202-19%202-165V0h-40l-40%201M274%2047c-2%202-2%202%200%202l-1%201c-3%200-3%201-3%203l-1%202-1%205c0%204%200%205%201%204l1-1a37%2037%200%20001%204l1-1c1-1%201-1%203%201s3%203%202%200l1-1%201%203%202-1h2c-1%201%200%202%201%202%202%201%202%201%202-1h3l3-1c4-1%206-4%206-8l-4-9v-1l-1-2-1%202-1%201v-1l-1-2h-3c-2-2-4-3-4-1l-1%201h-1l-1%201v-2c0-2%200-2-1-1h-2l-3%201m516%2054l-2%201-7%201-4%201-3%201-4%201-3%201c-1%200-2%200-1%201l-1%201h-2c-3%202-11%203-13%203l-3%201h-49l-1-1-1-1-9%202c-4%200-5%202-2%204v2l2%202c2%200%202%201%201%201-2%200-2%200-1%202l3%201c1-1%201%200%201%201l1%205%203%201%204%202%201%202v2c0%201%200%202%201%201%200-2%203-1%203%201l1%201%201%201%201%202c2%202%203%203%202%204h1c1-1%202%200%203%202l4%202%203%201%204%201%201%201c0%201%202%202%202%200h2c1%202%201%202%203%201h3c0%201%201%202%202%201v-1l-1-2%202%201c2%201%202%201%202-1v-2l2%202c1%202%202%202%201%200l2-1h2l-2-1c-3%200-3%200%203-4l1-2%205-2%201-2%201-3v-3h2c1%202%202%201%201-1%200-2%201-2%202-2h1l1-1%202-3%202-1h2l3-1c5%200%207-1%209-2h19c2-1%202-1%203%201%200%202%201%203%202%202l1%201h1l4%202c2%203%206%203%204%201l1-2v-1c-2%200-2%200-1-2l2-1%201-1c0-1%201-2%203-1%201%200%202%200%201-1v-4l-1-4c-1%200-2-1-1-2l-1-1-1-1-2-2-3-3c-2-3-6-5-9-4l-2-1-2-1-2%201h-8m-752%203l-1%202-2%201-1%202v3c-1%203%201%208%203%208l5-3c3-3%203-3%202-5l-1-3-1-2c-1%200-2-1-1-2%200-2-1-3-3-1m556%2037c-3%202-5%209-5%2021-1%2011%202%2015%2011%2014l1-1v-1l1-1c-1-1%200-3%202-4%202%200%203-1%203-2l2-3c2-3%202-6%200-8l-1-4-1-3-4-4-3-3-1-1h-5m-339%205l-2%202h-3l-2%203-1%201-1%201v1l-2%204v2l-1%202-1%207h-1l-1%201%201%201v3l-1%203-2%202-2%203v4l-1%201-1%202h5l1-1h4l2-1c2%200%202%200%201%201s-1%201%201%201h10c0-1%204-2%206-1h9l1-2c1-3%203-4%203-2h1v-1c-1-1-1-1%201-1%202%201%202%200%202-2s1-3%202-1h1c0-2%200-2%202-1h1c0-1%200-2-1-1l-1-1h-1l-1-1%201-1v-1l-2%201-1%201v-2l-1-2-1%202v1h-2l-1-1-2-2-1-1%201-1%201-1-2-2-1-2-1-1c-1%201-3-1-2-3l-1-1-1-1c-1-1-2-2-3-1l-1-1%202-1v-1h-3c-2%200-2%200-1-2l1-3c0-1-5-4-7-3m-114%2046c-3%201-10%204-11%206s2%205%204%205l2%201%202%201%202%201h4l5%201h1l12-3%202-2c0-1-3-5-5-5v-1l-1-2-1%201-3-1c-5-2-8-3-13-2m636%2040l3%203%201%201%201%201%203%201c4%202%207%204%2016%206%2012%204%2021%203%2012-1l-4-2-1-1-4-1-4-2-4-1h-1l-1-1-1-1c0%201-4%200-7-2-12-4-13-4-9%200m-231%2045c-21%203-29%205-49%2013l-5%202%204%201c20%205%2080%207%20108%204%2016-2%2034-7%2033-9l-51-11h-40M16%20371l-2%205-2%204v2l-2%202-1%202v5l1%204%208%206c1%201%200%205-4%209-3%203-12%208-13%207l-1%2014v14l2-3%203-3%201-2%202-2%205-4%202-2a117%20117%200%2001-11%2020l-2%203c-2%202-2%203-2%209l1%207%202-6c1-4%204-9%206-11l5-9c1-4%202-5%203-5%201%201%202%200%202-1v-2l-1-2h1c1%201%201%201%203-1%202-3%203-5%201-5l-1%201-1%201v-3c0-3%200-3-2-2-2%202-6%203-5%201l-1-1-1-1%201-1a60%2060%200%200016-17v-1l-2-4c0-3-1-3-3-4-3%200-7-7-6-9l1-10-1-2c1-4%200-5-2-3m44%2018l-6%201-13%205-1%201-1%201-2%201c-2%200-3%200-3%202l-5%209c-5%208-7%2011-3%207%201-1%203-2%204-1%203%200%206-2%206-5l3-3v-1l-1-1%201-2h1l1-1c-1-1%206-1%2012%201%207%203%2010%203%2015%200%204-3%205-3%205-7-1-3-1-4-4-5-3-2-8-3-9-2m-4%2039a213%20213%200%2000-3%2022l-2%2011a177%20177%200%2001-5%2032v-20h-1c-2%204-3%2011-3%2018%200%202%200%203-1%202l-1-5c2-8%202-13%201-14%200-2-2%201-2%204l-1%202v-7l2-2%203-3c1-5%201-6%202-2l1%204%201-3%201-4v-2c1-1%200-4-2-3l-1%201-1%202h-1l-1%201h-3c1-1%200-1-3-1-1%200-2%201-3%205-4%2016-8%2027-9%2027l4-18c3-9%203-15%202-15l-3%208a62%2062%200%2001-4%2012v3l-4%205%203-16c5-14%205-16%204-16l-3%205-2%205-1%204-1%203-1%204-3%205c-1%202-1%202-1%200l4-11%201-5%201-2%203-10-1-1c-1-1-2%203-6%2015l-2%203-1%202c0%202%200%202-1%201l2-10a70%2070%200%20004-16l1-1c0-2-3%201-3%203l-1-1c-2-2-2-2-3%201a837%20837%200%2001-10%2023c-1%201-2%205-2%2046v44h284l-1-2v-2l1%202c1%202%202%202%207%202h5l-1-3v-3l1%203c2%203%207%205%205%202l1-2%201%201%203%202c2%200%202%200%200-4v-5l4%206c0%203%201%203%204%203h4l-1-4c-4-10-2-9%202%201%201%202%201%202%202%201l1-4c-2-4%201-3%202%202%203%206%204%204%202-4l-2-7%201%201%206%2014v-7l-2-6h2l1%201v2l3%206c1%204%203%205%203%202l-2-11v-4c-1-1-2-2-1-3a323%20323%200%20007%2015c3%206%205%207%204%200l-2-5v-7c2-1%202%200%205%208s4%209%206%209c3%200%203-2%201-8-2-3-2-9-1-9l1-2c0-2%204-2%205-1s1%200%202-1c1-3%207-7%209-6%202%202%201%206-1%207-2%200-2%200%200%201%202%202%205%207%206%2012l2%203%203%202c1%202%208%203%208%200%203-5-9-23-14-23-2%200-2%200-1-1v-1l1-2%202%201%203-1c3-2%203-2%205-1%201%202%201%202%202%201%200-2%200-2%204%200l3%202%204%206%203%206%201%202%203%205%204%203%202%202%202%203c2%200-1-5-6-13-4-5-8-15-7-16v-1l1-2%202%202%201%201c1%200%203%201%203%203l5%205-2-6c-4-6-4-6-1-5%203%200%209%207%2010%2010s5%206%205%204l-1-2c-2-1-7-12-6-13h3l6%208%206%208-7-13c-2-3-2-4-1-4%202%200%205%204%206%206l1%201c1-1%200-2-1-4-3-4-2-5%202-2l2%201c-1-3%200-2%202%200s2%202%200-2l1-2v1l1%201%203%201%202%203-1-4c-3-4-1-4%203%201%203%204%204%203%201-1-2-3-2-4-1-4l5%206%205%205-2-4c-4-5-4-7-2-7v1l1%201c0-1%202%200%203%202%203%205%205%205%202%200l-1-4%208%208%202%202-2-5c-4-5-4-6%200-4l2%201-1-1-1-2c0-1%202%200%203%203%204%203%205%203%202%200l-1-3c0-2%203%201%206%205l3%204-2-5c-4-5-4-6%200-3%201%202%202%202%202%201l3%202%203%202-1-1-1-2h2c1%201%201%201%201-1l1%201%203%201-1-1-1-2%202%202%203%201-1-1-1-2h3l3%202%203%202-1-1-1-2h2c1%201%201%201%201-1-1-2-1-2%202%201l3%202-1-1-1-2h4l2%202v-2h4l1-1h5l3%202%202%201-1-2-2-2h2c0%202%201%202%201%201l6-1%207-1h1l3%201h1v1h4l1-1h3l6-1%204-1h3l3-1%2013-2%202-1%203-1c4%200%2011-1%2016-3h7l1-1%202-1h1l2-1%204-1%202-1%207-3c5-2%203-2-8%201a200%20200%200%2001-78%203l-9-1-9-1-4-1-6-2c-11-2-26-9-35-17-11-9-13-14-15-38-1-12-1-13-11-12-10%200-14%201-20%203l-6%201c-1-1-10%201-10%202l-3%201h-10l-15%203-1%201-6%201-10%201-6%201h-5c-3-2-6-2-6%200s-2%201-7-2c-6-5-6-5-6-1%201%203-1%205-2%203l-2-1c-2%200-4-1-4-3l-2-2-1-2-2-2c-4-1-4-1-4%203l-5%2015h-3c-2-1-2-1-4%201-1%202-2%202-4%200h-8l-4%201h-6c-4%200-6-1-7-2h-2c-1%201-3%202-5%201l-4%201-2%201-3%201h-1l-1-1-1%202c0%201-2%202-2%200%200-1-2-1-5%201h-5c-1-2-2-2-4-1l-3%201-1-1-3-1-2-1h-1l-1%203c0%205%200%206-1%204l-2-1-1-1c0-2-3-1-6%201-1%202-3%203-3%202l-1%202c0%201-1%201-3-2-3-3-6-4-6-1h-3c-2-2-3-2-5%200-3%202-6%201-7-2%200-2-5-5-6-4l-1-1-1-2-2-1-2-2-2%201c1%201-4%201-5-1l-2-4-2-2-2-3-2-3-1%204-2%209v6c0%202-4%203-5%202h-7l-1%201v-2l-1-2-1%201c-1%202-2%202-2%201h-5v9l-1%201h-1l-1-2v-4l-1-3v-1l-1-3c0-2%200-2-1-1v4c0%203%200%203-3%201l-4-1-1-1h-2l-1%201h-1v3l-1%201v6c-2%202-3%202-3-1l-1-2c-1%200-2-1-2-4-1-4-1-4-1-1v3l-1-4-2-3v2l-2%201-2-1-1-1h-2c-1-1-1-1-1%203%200%203%200%203-1%202s-2-1-2%201l-2%201c-1-1-1%200-1%201l-1%202-1-6v-6l-1-1c-2%200-2%201-2%207v8l-1-2c-1-12-2-16-4-16l-2-2-2-6-1%201a4296%204296%200%2000-3%2026c-1-11-3-18-3-10v3l-1-3-2-3-1-1v-4c-1-3-1-3-1-1l-1%203c-2%200-2%201-2%204s0%203%201%202c3-3%203-2%203%207v10l-1-7c-2-10-4-6-4%207l-1%207-1-5-1-7c-1-2-1-1-1%205l-1%204c0%203-2%202-2-2%200-16-1-20-2-7l-3%2017c-1%201-1-18%201-35%201-23-3-11-5%2014-1%2012-1%2014-3%2018v-11l1-15v-12a74%2074%200%20012-15l1-9c0-6-1-9-2-3m735%2079l1%201%205%205c6%205%2014%2010%2014%207%201-2%202-1%209%207l9%2011%202%203%202%203%204%203-1-2-3-5-2-4-2-4-2-2-1-1-2-5-2-1c0-1%201-2%202-1l1-1c-1-1%202-2%204-1%202%202%203%200%201-2l-1-2-1-1c-1%201-1%200-1-1l-1-2h-4c-3-1-5-2-3-2l1-1-2-1v1h-2c-3-2-4-1-1%202%203%204%204%205%201%205l-13-4h-2l-2-1-8-4m-64%2015l-8%201h-5l3%201h4l-4%201c-3%202-7%205-6%206l3-1c2-2%203-2%202%200%200%202%202%205%204%204v-3l3-4%201%202c0%202%201%203%203%205l4%204%202%201%201-1%201-1c1%201%208%200%207-1l1-1c3%200%202%203-1%204-1%201-2%201-1%202l4-2%203-1%203%206-2-1h-2l2%202c2%203%206%204%204%202h2v4h2c1%201%206%206%206%208%200%201%205%204%208%204%201%200%202%200%201-2h1l3%202-2-4-5-2c-1%202-3%201-8-5-10-12-10-11-9-16%201-4%201-4%203-3h1l-2-1-1-1h-1l-1-1-6-4-5-3%201-1h-14m204%208c1%201%201%201-3%201h-4l-3%201c-2%200-2%200-1%201%203%201%200%202-5%201-7%200-10%201-6%203%201%201%201%201-1%201l-3%201-1%201-3%201-3%202v1l-2%201c-3%200-2%201%202%201l8%203%206%202%207%206c0%201-4%202-6%201h-3l5%203c7%202%2055%203%2053%201%200-1%208-1%2025%201h7v-11c0-10%200-11-2-10l-2-1-1-1h-5l-6-2-10-1-2-1-2-1c2-2-14-7-20-5h-6l-3%201h-1l-1-1-2-1h-5c-3-1-3-1-1%201'%20fill='%23d3d3d3'%20fill-rule='evenodd'/%3e%3c/svg%3e"
              style="height: 100%; left: 0px; position: absolute; top: 0px; width: 100%;"
            />
            <picture>
              <source
                data-srcset="/static/f5aba40fd9013c55103643e8e13011f8/fdfcf/about.avif 250w,/static/f5aba40fd9013c55103643e8e13011f8/b400f/about.avif 500w,/static/f5aba40fd9013c55103643e8e13011f8/70674/about.avif 1000w,/static/f5aba40fd9013c55103643e8e13011f8/31a81/about.avif 2000w"
                sizes="(min-width: 1000px) 1000px, 100vw"
                type="image/avif"
              />
              <img
                alt="A coffee cup with the word BEGIN on it."
                data-gatsby-image-ssr=""
                data-main-image=""
                data-src="/static/f5aba40fd9013c55103643e8e13011f8/f4320/about.jpg"
                data-srcset="/static/f5aba40fd9013c55103643e8e13011f8/2af26/about.jpg 250w,/static/f5aba40fd9013c55103643e8e13011f8/a5dc9/about.jpg 500w,/static/f5aba40fd9013c55103643e8e13011f8/f4320/about.jpg 1000w,/static/f5aba40fd9013c55103643e8e13011f8/f2565/about.jpg 2000w"
                decoding="async"
                loading="lazy"
                sizes="(min-width: 1000px) 1000px, 100vw"
                style="height: 100%; left: 0px; position: absolute; top: 0px; transform: translateZ(0); transition: opacity 250ms linear; width: 100%; will-change: opacity; opacity: 0;"
              />
            </picture>
            <noscript />
            <script
              type="module"
            >
              const t="undefined"!=typeof HTMLImageElement&&"loading"in HTMLImageElement.prototype;if(t){const t=document.querySelectorAll("img[data-main-image]");for(let e of t){e.dataset.src&&(e.setAttribute("src",e.dataset.src),e.removeAttribute("data-src")),e.dataset.srcset&&(e.setAttribute("srcset",e.dataset.srcset),e.removeAttribute("data-srcset"));const t=e.parentNode.querySelectorAll("source[data-srcset]");for(let e of t)e.setAttribute("srcset",e.dataset.srcset),e.removeAttribute("data-srcset");e.complete&&(e.style.opacity=1,e.parentNode.parentNode.querySelector("[data-placeholder-image]").style.opacity=0)}}
            </script>
          </div>
          <span
            class="sprinkles_width_px_default__8lcvdkp8 sprinkles_height_64_default__8lcvdk72 sprinkles_minWidth_px_default__8lcvdkf8 sprinkles_minHeight_64_default__8lcvdkbt sprinkles_display_block_default__8lcvdk5q"
          />
          <div
            class="RenderedMarkdown_renderedMarkdownStyle__1vb8ogj0 sprinkles_paddingLeft_gutter_default__8lcvdkhw sprinkles_paddingRight_gutter_default__8lcvdkjt sprinkles_fontWeight_light__8lcvdk1t sprinkles_letterSpacing_0.3__8lcvdk36 sprinkles_fontSize_prose__8lcvdk2r sprinkles_maxWidth_proseWithGutters_default__8lcvdkaq"
          >
            <p>
              Been a long time, huh?
            </p>
            

            <p>
              I know what you’re thinking, constant reader, but I’m serious this time. Okay, maybe not serious, but at least pragmatic.
            </p>
            

            <p>
              The first time around, I cranked out 100-200 word reviews of everything I watched. The result proved underwhelming. Lots of cliches and telling versus showing.
            </p>
            

            <p>
              The second time around, I prioritized quality over quantity. My writing got better, but my output suffered, slowing to one review a week, then one review every couple of weeks, then one review a month, then none for years. Writing a definitive review proved so daunting, I’d write and rewrite until I lost all perspective.
            </p>
            

            <p>
              This time, I’m going for a middle ground. Looking back on the first iteration, I got better the more I wrote, but I can’t crank out several hundred words of definitive analysis for every movie I watch. So I’m giving myself an out: a one or two paragraph impression 
              <em>
                of that viewing
              </em>
               is okay. I’m leaving the door open to re-visit the film later and add another review—building on the first, or rethinking my earlier ideas.
            </p>
            

            <p>
              But wait, there’s more.
            </p>
            

            <p>
              My time left on this planet is less than the time I’ve spent here, so I’ve compiled a bucket list based on my favorite stars, directors, and writers. I call it the 
              <a
                href="/watchlist/"
              >
                Watchlist
              </a>
              . Three thousand plus titles means I won’t get through them all, but I’m gonna try.
            </p>
            

            <p>
              The ground rules:
            </p>
            

            <ol>
              

              <li>
                No silents or documentaries. I consider these different art forms.
              </li>
              

              <li>
                I’ll watch as much in order as possible. There’s value in watching artists evolve and placing disparate works in their chronological context.
              </li>
              

              <li>
                I’ll do my best to watch the best-available version 
                <em>
                  within reason
                </em>
                . I won’t pay $100 for an out-of-print Blu-Ray with the original 1.66:1 aspect-ratio when there’s a 1.85:1 print streaming on Netflix. Okay, maybe I will, but I don’t 
                <em>
                  have
                </em>
                 to.
              </li>
              

            </ol>
            

            <p>
              Lastly, you may ask, “Why bother?” I’m not delusional, constant reader, I know you are me. No one else reads this site. We’re doing this for our kids. When they’re our age and we’ve long departed this world, they’ll have these words—connecting us across time, our middle-aged self to theirs.
            </p>
            

            <p>
              So, future reader, I beg you: place these reviews in their time. Today’s innocuous joke may be tomorrow’s offensive trigger. I mean no ill-will. If you disagree with my opinions, that’s fine—maybe even expected. I only hope you’ll find the writing rewarding.
            </p>
          </div>
          <span
            class="sprinkles_width_px_default__8lcvdkp8 sprinkles_height_128_default__8lcvdk7e sprinkles_minWidth_px_default__8lcvdkf8 sprinkles_minHeight_128_default__8lcvdkc5 sprinkles_display_block_default__8lcvdk5q"
          />
        </article>
      </main>
    </div>
    <footer
      class="sprinkles_paddingLeft_gutter_default__8lcvdkhw sprinkles_paddingRight_gutter_default__8lcvdkjt sprinkles_paddingTop_32_default__8lcvdkkb sprinkles_paddingBottom_32_default__8lcvdkft sprinkles_color_inverse__8lcvdkq sprinkles_display_flex_default__8lcvdk5w sprinkles_backgroundImage_ripNotComingSoon__8lcvdk3a sprinkles_rowGap_24_default__8lcvdkl2 sprinkles_alignItems_center__8lcvdk1m sprinkles_flexDirection_column_default__8lcvdk6b"
    >
      <nav>
        <ul
          class="sprinkles_padding_0__8lcvdkt sprinkles_display_flex_default__8lcvdk5w sprinkles_flexWrap_wrap__8lcvdk1i sprinkles_justifyContent_center_default__8lcvdk8n sprinkles_rowGap_8_default__8lcvdkkw sprinkles_columnGap_16_default__8lcvdk5b sprinkles_columnGap_24_tablet__8lcvdk5f"
        >
          <li
            class="sprinkles_display_block_default__8lcvdk5q sprinkles_letterSpacing_0.5__8lcvdk37 sprinkles_whiteSpace_nowrap__8lcvdk1e"
          >
            <a
              class="sprinkles_color_inherit__8lcvdkr sprinkles_textDecoration_none__8lcvdk38"
              href="/"
            >
              Home
            </a>
          </li>
          <li
            class="sprinkles_display_block_default__8lcvdk5q sprinkles_letterSpacing_0.5__8lcvdk37 sprinkles_whiteSpace_nowrap__8lcvdk1e"
          >
            <a
              class="sprinkles_color_inherit__8lcvdkr sprinkles_textDecoration_none__8lcvdk38"
              href="/about/"
            >
              About
            </a>
          </li>
          <li
            class="sprinkles_display_block_default__8lcvdk5q sprinkles_letterSpacing_0.5__8lcvdk37 sprinkles_whiteSpace_nowrap__8lcvdk1e"
          >
            <a
              class="sprinkles_color_inherit__8lcvdkr sprinkles_textDecoration_none__8lcvdk38"
              href="/how-i-grade/"
            >
              How I Grade
            </a>
          </li>
          <li
            class="sprinkles_display_block_default__8lcvdk5q sprinkles_letterSpacing_0.5__8lcvdk37 sprinkles_whiteSpace_nowrap__8lcvdk1e"
          >
            <a
              class="sprinkles_color_inherit__8lcvdkr sprinkles_textDecoration_none__8lcvdk38"
              href="/reviews/"
            >
              Reviews
            </a>
          </li>
          <li
            class="sprinkles_display_block_default__8lcvdk5q sprinkles_letterSpacing_0.5__8lcvdk37 sprinkles_whiteSpace_nowrap__8lcvdk1e"
          >
            <a
              class="sprinkles_color_inherit__8lcvdkr sprinkles_textDecoration_none__8lcvdk38"
              href="/stats/"
            >
              Stats
            </a>
          </li>
          <li
            class="sprinkles_display_block_default__8lcvdk5q sprinkles_letterSpacing_0.5__8lcvdk37 sprinkles_whiteSpace_nowrap__8lcvdk1e"
          >
            <a
              class="sprinkles_color_inherit__8lcvdkr sprinkles_textDecoration_none__8lcvdk38"
              href="/watchlist/"
            >
              Watchlist
            </a>
          </li>
        </ul>
      </nav>
      <p
        class="sprinkles_fontWeight_light__8lcvdk1t sprinkles_fontSize_small__8lcvdk27 sprinkles_lineHeight_16__8lcvdk2y"
      >
        All stills used in accordance with the 
        <a
          class="sprinkles_color_inherit__8lcvdkr sprinkles_textDecoration_none__8lcvdk38"
          href="http://www.copyright.gov/title17/92chap1.html#107"
        >
          Fair Use Law.
        </a>
      </p>
      <a
        class="Box_screenReaderOnlyStyle__1isqo402"
        href="#top"
      >
        To the top ↑
      </a>
    </footer>
  </div>
</DocumentFragment>
`;
